
> tech-verse-my@0.1.0 build
> next build

Γû▓ Next.js 16.2.2 (Turbopack)

  Creating an optimized production build ...
node.exe : Error: Cannot 
apply unknown utility 
class `border-border`. 
Are you using CSS modules 
or similar and missing 
`@reference`? https://tail
windcss.com/docs/functions
-and-directives#reference-
directive
At line:1 char:1
+ & "C:\Program 
Files\nodejs/node.exe" 
"C:\Program 
Files\nodejs/node_mo ...
+ ~~~~~~~~~~~~~~~~~~~~~~~~
~~~~~~~~~~~~~~~~~~~~~~~~~~
~~~~~~~~~~~~~~~~~~~
    + CategoryInfo        
      : NotSpecified: (E  
  rror: Cannot a...renc   
 e-directive:String) [    
], RemoteException
    + FullyQualifiedError 
   Id : NativeCommandErr  
  or
 
    [2m[at 
onInvalidCandidate 
(C:\Tech Verse My\node_mod
ules\tailwindcss\dist\lib.
js:21:1314)][0m
    [2m[at Ee (C:\Tech 
Verse My\node_modules\tail
windcss\dist\lib.js:16:370
66)][0m
    [2m[at C:\Tech Verse 
My\node_modules\tailwindcs
s\dist\lib.js:21:355][0m
    [2m[at _r (C:\Tech 
Verse My\node_modules\tail
windcss\dist\lib.js:3:1733
)][0m
    [2m[at I (C:\Tech 
Verse My\node_modules\tail
windcss\dist\lib.js:3:1377
)][0m
    [2m[at Te (C:\Tech 
Verse My\node_modules\tail
windcss\dist\lib.js:21:172
)][0m
    [2m[at mn (C:\Tech 
Verse My\node_modules\tail
windcss\dist\lib.js:38:294
)][0m
    [2m[at process.proces
sTicksAndRejections (node:
internal/process/task_queu
es:104:5)][0m
    [2m[at async gn 
(C:\Tech Verse My\node_mod
ules\tailwindcss\dist\lib.
js:38:631)][0m
    [2m[at async Xr 
(C:\Tech Verse My\node_mod
ules\@tailwindcss\node\dis
t\index.js:10:3416)][0m

> Build error occurred
Error: Turbopack build 
failed with 1 errors:
./src/app/globals.css
Error evaluating Node.js 
code
CssSyntaxError: 
tailwindcss: C:\Tech 
Verse My\src\app\globals.c
ss:1:1: Cannot apply 
unknown utility class 
`border-border`. Are you 
using CSS modules or 
similar and missing 
`@reference`? https://tail
windcss.com/docs/functions
-and-directives#reference-
directive
    at Input.error (node_m
odules/postcss/lib/input.j
s:135:16) [C:\Tech Verse M
y\.next\build\chunks\node_
modules_13sb.px._.js:4651:
22]
    at error (node_modules
/postcss/lib/node.js:146:3
2) [C:\Tech Verse My\.next
\build\chunks\node_modules
_13sb.px._.js:928:38]
    [at Object.Once 
(C:\Tech Verse My\node_mod
ules\@tailwindcss\postcss\
dist\index.js:10:6913)]
    [at process.processTic
ksAndRejections (node:inte
rnal/process/task_queues:1
04:5)]
    at async 
LazyResult.runAsync (node_
modules/postcss/lib/lazy-r
esult.js:293:11) [C:\Tech 
Verse My\.next\build\chunk
s\node_modules_13sb.px._.j
s:6214:21]
    at async transform (tu
rbopack:///[turbopack-node
]/transforms/postcss.ts:70
:34) [C:\Tech Verse My\.ne
xt\build\chunks\[root-of-t
he-server]__0d-m0h0._.js:1
46:36]
    at async run (turbopac
k:///[turbopack-node]/chil
d_process/evaluate.ts:89:2
3) [C:\Tech Verse My\.next
\build\chunks\[root-of-the
-server]__0ubbtyl._.js:443
:31]

Import trace:
  Client Component 
Browser:
    ./src/app/globals.css 
[Client Component Browser]
    ./src/app/layout.tsx 
[Server Component]


    at async transform (tu
rbopack:///[turbopack-node
]/transforms/postcss.ts:70
:34) [C:\Tech Verse My\.ne
xt\build\chunks\[root-of-t
he-server]__0d-m0h0._.js:1
46:36])
    at async run (turbopac
k:///[turbopack-node]/chil
d_process/evaluate.ts:89:2
3) [C:\Tech Verse My\.next
\build\chunks\[root-of-the
-server]__0ubbtyl._.js:443
:31])
